[www.indonez.com/html-demo/equity/index.html]
[www.indonez.com/html-demo/equity/fonts/fa-brands-400.woff2]
[www.indonez.com/html-demo/equity/fonts/fa-solid-900.woff2]
[www.indonez.com/html-demo/equity/fonts/archivo-v18-latin-regular.woff2]
[www.indonez.com/html-demo/equity/fonts/archivo-v18-latin-300.woff2]
[www.indonez.com/html-demo/equity/fonts/archivo-v18-latin-700.woff2]
[www.indonez.com/html-demo/equity/css/style.css]
[www.indonez.com/html-demo/equity/js/vendors/uikit.min.js]
[www.indonez.com/html-demo/equity/js/utilities.min.js]
[www.indonez.com/html-demo/equity/js/config-theme.js]
[www.indonez.com/html-demo/equity/img/favicon.ico]
[www.indonez.com/html-demo/equity/img/apple-touch-icon.png]
[backblue.gif]
[fade.gif]
[index.html]
[www.indonez.com/html-demo/equity/img/user/header-logo-Uw3Zp9.svg]
[www.indonez.com/html-demo/equity/homepage2.html]
[www.indonez.com/html-demo/equity/homepage3.html]
[www.indonez.com/html-demo/equity/homepage4.html]
[www.indonez.com/html-demo/equity/markets.html]
[www.indonez.com/html-demo/equity/about.html]
[www.indonez.com/html-demo/equity/blog.html]
[www.indonez.com/html-demo/equity/careers.html]
[www.indonez.com/html-demo/equity/contact.html]
[www.indonez.com/html-demo/equity/education.html]
[www.indonez.com/html-demo/equity/help-center.html]
[www.indonez.com/html-demo/equity/customers.html]
[www.indonez.com/html-demo/equity/roadmap.html]
[www.indonez.com/html-demo/equity/legal-docs.html]
[www.indonez.com/html-demo/equity/signin.html]
[www.indonez.com/html-demo/equity/img/in-lazy.gif]
[www.indonez.com/html-demo/equity/js/vendors/tradingview-widget.min.js]
[www.indonez.com/html-demo/equity/js/vendors/particles.min.js]
[www.indonez.com/html-demo/equity/js/config-particles.js]
[www.indonez.com/html-demo/equity/index.html]
[www.indonez.com/html-demo/equity/img/in-equity-7-symbol-1.svg]
[www.indonez.com/html-demo/equity/img/in-equity-7-symbol-2.svg]
[www.indonez.com/html-demo/equity/img/in-equity-7-symbol-3.svg]
[www.indonez.com/html-demo/equity/img/in-equity-7-symbol-4.svg]
[www.indonez.com/html-demo/equity/img/in-equity-press-1.svg]
[www.indonez.com/html-demo/equity/img/in-equity-press-2.svg]
[www.indonez.com/html-demo/equity/img/in-equity-press-3.svg]
[www.indonez.com/html-demo/equity/img/in-equity-press-4.svg]
[www.indonez.com/html-demo/equity/img/in-equity-press-5.svg]
[www.indonez.com/html-demo/equity/homepage2.html]
[www.indonez.com/html-demo/equity/homepage3.html]
[www.indonez.com/html-demo/equity/img/in-equity-payment-1.svg]
[www.indonez.com/html-demo/equity/img/in-equity-payment-2.svg]
[www.indonez.com/html-demo/equity/img/in-equity-payment-3.svg]
[www.indonez.com/html-demo/equity/img/in-equity-payment-4.svg]
[www.indonez.com/html-demo/equity/img/in-equity-payment-5.svg]
[www.indonez.com/html-demo/equity/img/in-equity-payment-6.svg]
[www.indonez.com/html-demo/equity/homepage4.html]
[www.indonez.com/html-demo/equity/markets.html]
[www.indonez.com/html-demo/equity/img/blockit/in-team-background-1.png]
[www.indonez.com/html-demo/equity/img/blockit/in-team-1.png]
[www.indonez.com/html-demo/equity/img/blockit/in-team-4.png]
[www.indonez.com/html-demo/equity/img/blockit/in-team-2.png]
[www.indonez.com/html-demo/equity/about.html]
[www.indonez.com/html-demo/equity/img/user/image-featured-a4DfvV.jpg]
[www.indonez.com/html-demo/equity/blog/the-typical-us-household-is-spending-445-more-a.html]
[www.indonez.com/html-demo/equity/img/user/author-85z9UC.jpg]
[www.indonez.com/html-demo/equity/blog/biden-and-harris-celebrate-kwanzaa-in-social-media.html]
[www.indonez.com/html-demo/equity/blog/amazons-started-to-deliver-orders-by-drones-in-california.html]
[www.indonez.com/html-demo/equity/blog.html]
[www.indonez.com/html-demo/equity/img/blockit/in-gallery-image-1.jpg]
[www.indonez.com/html-demo/equity/img/blockit/in-gallery-image-2.jpg]
[www.indonez.com/html-demo/equity/img/blockit/in-gallery-image-3.jpg]
[www.indonez.com/html-demo/equity/img/blockit/in-gallery-image-4.jpg]
[www.indonez.com/html-demo/equity/img/blockit/in-gallery-image-5.jpg]
[www.indonez.com/html-demo/equity/img/blockit/in-gallery-image-6.jpg]
[www.indonez.com/html-demo/equity/careers.html]
[www.indonez.com/html-demo/equity/contact.html]
[www.indonez.com/html-demo/equity/img/blockit/in-card-background-1.jpg]
[www.indonez.com/html-demo/equity/education.html]
[www.indonez.com/html-demo/equity/img/blockit/in-content-10-image.png]
[www.indonez.com/html-demo/equity/img/blockit/in-team-7.png]
[www.indonez.com/html-demo/equity/img/blockit/in-team-8.png]
[www.indonez.com/html-demo/equity/img/blockit/in-team-6.png]
[www.indonez.com/html-demo/equity/help-center.html]
[www.indonez.com/html-demo/equity/img/blockit/in-team-3.png]
[www.indonez.com/html-demo/equity/img/blockit/in-testimoni-2.png]
[www.indonez.com/html-demo/equity/img/blockit/in-client-testi-1.svg]
[www.indonez.com/html-demo/equity/img/blockit/in-testimoni-3.png]
[www.indonez.com/html-demo/equity/img/blockit/in-client-testi-2.svg]
[www.indonez.com/html-demo/equity/img/blockit/in-client-testi-3.svg]
[www.indonez.com/html-demo/equity/img/blockit/in-client-testi-4.svg]
[www.indonez.com/html-demo/equity/img/blockit/in-client-testi-5.svg]
[www.indonez.com/html-demo/equity/customers.html]
[www.indonez.com/html-demo/equity/roadmap.html]
[www.indonez.com/html-demo/equity/legal-docs.html]
[www.indonez.com/html-demo/equity/img/in-signin-image.jpg]
[www.indonez.com/html-demo/equity/signin.html]
[www.indonez.com/html-demo/equity/index-2.html]
[www.indonez.com/html-demo/equity/blog-finde483.html]
[www.indonez.com/html-demo/equity/blog-find2623.html]
[www.indonez.com/html-demo/equity/js/vendors/share-buttons.min.js]
[www.indonez.com/html-demo/equity/blog/the-typical-us-household-is-spending-445-more-a.html]
[www.indonez.com/html-demo/equity/blog/biden-and-harris-celebrate-kwanzaa-in-social-media.html]
[www.indonez.com/html-demo/equity/blog-find7327.html]
[www.indonez.com/html-demo/equity/blog/amazons-started-to-deliver-orders-by-drones-in-california.html]
[www.indonez.com/html-demo/equity/index-2.html]
[www.indonez.com/html-demo/equity/blog-finde483.html]
[www.indonez.com/html-demo/equity/blog-find2623.html]
[www.indonez.com/html-demo/equity/blog-find7327.html]
[www.indonez.com/html-demo/equity/fonts/archivo-v18-latin-300.woff]
[www.indonez.com/html-demo/equity/fonts/archivo-v18-latin-regular.woff2]
[www.indonez.com/html-demo/equity/fonts/archivo-v18-latin-regular.woff]
[www.indonez.com/html-demo/equity/fonts/archivo-v18-latin-700.woff]
[www.indonez.com/html-demo/equity/fonts/fa-solid-900.ttf]
[www.indonez.com/html-demo/equity/css/style.css]
[www.indonez.com/html-demo/equity/js/vendors/uikit.min.js]
[www.indonez.com/html-demo/equity/fonts/fa-brands-400.ttf]
[www.indonez.com/html-demo/equity/js/utilities.min.js]
[www.indonez.com/html-demo/equity/js/config-theme.js]
[www.indonez.com/html-demo/equity/img/user/header-logo-Uw3Zp9.svg]
[s3.tradingview.com/external-embedding/embed-widget-market-overview.js]
[www.indonez.com/html-demo/equity/js/vendors/tradingview-widget.min.js]
[s3.tradingview.com/tv.js]
[www.indonez.com/html-demo/equity/js/vendors/particles.min.js]
[www.indonez.com/html-demo/equity/js/config-particles.js]
[www.indonez.com/html-demo/equity/img/in-equity-7-symbol-1.svg]
[www.indonez.com/html-demo/equity/img/in-equity-7-symbol-2.svg]
[www.indonez.com/html-demo/equity/img/in-equity-7-symbol-3.svg]
[www.indonez.com/html-demo/equity/img/in-equity-7-symbol-4.svg]
[www.indonez.com/html-demo/equity/img/in-equity-press-1.svg]
[www.indonez.com/html-demo/equity/img/in-equity-press-2.svg]
[www.indonez.com/html-demo/equity/img/in-equity-press-3.svg]
[www.indonez.com/html-demo/equity/img/in-equity-press-4.svg]
[www.indonez.com/html-demo/equity/img/in-equity-press-5.svg]
[www.indonez.com/html-demo/equity/img/in-equity-payment-1.svg]
[www.indonez.com/html-demo/equity/img/in-equity-payment-2.svg]
[www.indonez.com/html-demo/equity/img/in-equity-payment-3.svg]
[www.indonez.com/html-demo/equity/img/in-equity-payment-4.svg]
[www.indonez.com/html-demo/equity/img/in-equity-payment-5.svg]
[www.indonez.com/html-demo/equity/img/in-equity-payment-6.svg]
[www.indonez.com/html-demo/equity/blog/the-typical-us-household-is-spending-445-more-a.html]
[www.indonez.com/html-demo/equity/blog/biden-and-harris-celebrate-kwanzaa-in-social-media.html]
[www.indonez.com/html-demo/equity/img/blockit/in-client-testi-1.svg]
[www.indonez.com/html-demo/equity/img/blockit/in-client-testi-2.svg]
[www.indonez.com/html-demo/equity/img/blockit/in-client-testi-3.svg]
[www.indonez.com/html-demo/equity/img/blockit/in-client-testi-4.svg]
[www.indonez.com/html-demo/equity/img/blockit/in-client-testi-5.svg]
[www.indonez.com/html-demo/equity/index-2.html]
[www.indonez.com/html-demo/equity/js/vendors/share-buttons.min.js]
[www.indonez.com/html-demo/equity/sendmail.html]
